// Vitest Snapshot v1, https://vitest.dev/guide/snapshot.html

exports[`Form Component > matches snapshot 1`] = `
<DocumentFragment>
  <form
    class="flex flex-col text-gray-200"
    role="form"
  >
    <div>
      Test Child
    </div>
  </form>
</DocumentFragment>
`;
